locus_name	AxB_A_counts	AxB_B_counts	BxA_A_counts	BxA_B_counts	mp_ratio	favored_parent	imprinting_padj	IFs	favored_strain	cis_effect_padj	CEF	tot_AxB	tot_BxA	pmat_AxB	pmat_BxA	mincountspass	censored	pval_pass	IF_pass	CEF_pass	pmat_pass	isMEG	isPEG	status
AL1007U10010	0	0	0	0	2	none	1	NA	none	1	NA	0	0	NA	NA	FALSE	FALSE	FALSE	FALSE	TRUE	FALSE	FALSE	FALSE	low_counts
AL1008U10010	0	0	0	0	2	none	1	NA	none	1	NA	0	0	NA	NA	FALSE	FALSE	FALSE	FALSE	TRUE	FALSE	FALSE	FALSE	low_counts
AL1014U10010	51	4	2	30	2	mother	5.88609333365657e-12	4.75	B	1	NA	55	32	0.927272727272727	0.9375	TRUE	TRUE	TRUE	TRUE	TRUE	TRUE	FALSE	FALSE	censored
AL16048391	82	814	638	91	2	father	0	178.258	B	0.0706327614601663	NA	896	729	0.0915178571428571	0.12482853223594	TRUE	FALSE	TRUE	TRUE	TRUE	TRUE	FALSE	TRUE	PEG
AL481009	440	124	261	379	2	mother	0.0333603182141479	0	A	8.66686593062188e-12	1.711	564	640	0.780141843971631	0.5921875	TRUE	FALSE	FALSE	FALSE	TRUE	FALSE	FALSE	FALSE	fail_pval_cutoff
test_gene	25	5	10	35	2	mother	0.00628860994422037	0	A	1	NA	30	45	0.833333333333333	0.777777777777778	TRUE	FALSE	TRUE	FALSE	TRUE	FALSE	FALSE	FALSE	fail_IF_cutoff
