locus_name	AxB_A_counts	AxB_B_counts	BxA_A_counts	BxA_B_counts	mp_ratio	favored_parent	imprinting_padj	IFs	favored_strain	cis_effect_padj	CEF	tot_AxB	tot_BxA	pmat_AxB	pmat_BxA	mincountspass	censored	pval_pass	IF_pass	CEF_pass	pmat_pass	isMEG	isPEG	status
AT1G04483	0	0	0	0	2	none	1	NA	none	1	NA	0	0	NA	NA	FALSE	FALSE	FALSE	FALSE	TRUE	FALSE	FALSE	FALSE	low_counts
AT1G06530	0	0	0	0	2	none	1	NA	none	1	NA	0	0	NA	NA	FALSE	FALSE	FALSE	FALSE	TRUE	FALSE	FALSE	FALSE	low_counts
AT1G06540	0	0	0	0	2	none	1	NA	none	1	NA	0	0	NA	NA	FALSE	FALSE	FALSE	FALSE	TRUE	FALSE	FALSE	FALSE	low_counts
AT1G06550	0	0	0	0	2	none	1	NA	none	1	NA	0	0	NA	NA	FALSE	FALSE	FALSE	FALSE	TRUE	FALSE	FALSE	FALSE	low_counts
AT1G06560	0	0	1	1	2	none	1	NA	none	1	NA	0	2	NA	0.5	FALSE	FALSE	FALSE	FALSE	TRUE	FALSE	FALSE	FALSE	low_counts
AT1G06570	0	0	0	0	2	none	1	NA	none	1	NA	0	0	NA	NA	FALSE	FALSE	FALSE	FALSE	TRUE	FALSE	FALSE	FALSE	low_counts
AT1G06580	0	0	0	0	2	none	1	NA	none	1	NA	0	0	NA	NA	FALSE	FALSE	FALSE	FALSE	TRUE	FALSE	FALSE	FALSE	low_counts
AT1G06590	9	2	0	0	2	none	1	NA	none	1	NA	11	0	0.818181818181818	NA	FALSE	FALSE	FALSE	FALSE	TRUE	FALSE	FALSE	FALSE	low_counts
AT1G06610	0	0	0	0	2	none	1	NA	none	1	NA	0	0	NA	NA	FALSE	FALSE	FALSE	FALSE	TRUE	FALSE	FALSE	FALSE	low_counts
