A. thaliana	A. lyrata
AT5G10140	AL6G20600
AT5G10140	AL6G20630
AT1G69770	AL2G28960
AT5G49160	AL8G22690
AT5G14620	AL6G25400
